{"candidate": 0, "title": "2003 in South African television", "status": "over_source_size_filter"}
{"candidate": 1, "title": "Syllepte viridivertex", "status": "selected"}
{"candidate": 2, "title": "Syllepte eriopisalis", "status": "selected"}
{"candidate": 3, "title": "Edmundas Benetis", "status": "selected"}
{"candidate": 4, "title": "American Football Conference", "status": "over_source_size_filter"}
{"candidate": 5, "title": "Nicol\u00e1s Pelaitay", "status": "selected"}
{"candidate": 6, "title": "Howe Grove Wood", "status": "selected"}
{"candidate": 7, "title": "Polish-Catholic Church of the Republic of Poland", "status": "over_source_size_filter"}
{"candidate": 8, "title": "Pain Dasteh-ye Rakan Kola", "status": "over_source_size_filter"}
{"candidate": 9, "title": "Barn Records", "status": "selected"}
{"candidate": 10, "title": "Zahed Kola, Qaem Shahr", "status": "selected"}
{"candidate": 11, "title": "Artur Sarnat", "status": "selected"}
{"candidate": 12, "title": "Bolterdalen", "status": "selected"}
{"candidate": 13, "title": "Alabama", "status": "over_source_size_filter"}
{"candidate": 14, "title": "Rotax 185", "status": "selected"}
{"candidate": 15, "title": "Kharrat Kola, Simorgh", "status": "over_source_size_filter"}
{"candidate": 16, "title": "Corybas \u00d7 miscellus", "status": "selected"}
{"candidate": 17, "title": "Argentines", "status": "over_source_size_filter"}
{"candidate": 18, "title": "Douglas Churchill", "status": "selected"}
{"candidate": 19, "title": "Jakun language", "status": "over_source_size_filter"}
{"candidate": 20, "title": "Microlife Corporation", "status": "over_source_size_filter"}
{"candidate": 21, "title": "National Severe Storms Laboratory", "status": "over_source_size_filter"}
{"candidate": 22, "title": "Molla Kola, Simorgh", "status": "over_source_size_filter"}
{"candidate": 23, "title": "Mendocino Steam Donkeys Rugby Football Club", "status": "selected"}
{"candidate": 24, "title": "Minister of Agriculture and Land Affairs", "status": "selected"}
{"candidate": 25, "title": "Pohuenui River", "status": "selected"}
{"candidate": 26, "title": "Mark Frost", "status": "over_source_size_filter"}
{"candidate": 27, "title": "WAOO", "status": "selected"}
{"candidate": 28, "title": "Pararrhaptica longiplicata", "status": "selected"}
{"candidate": 29, "title": "Oskar Hoffmann (painter)", "status": "selected"}
{"candidate": 30, "title": "Women in media", "status": "over_source_size_filter"}
{"candidate": 31, "title": "FF Developments", "status": "selected"}
{"candidate": 32, "title": "Ivan Mekikov", "status": "selected"}
{"candidate": 33, "title": "Ali\u015fan \u015eeker", "status": "selected"}
{"candidate": 34, "title": "Nazaruddin Sjamsuddin", "status": "selected"}
{"candidate": 35, "title": "Lefortovo", "status": "selected"}
{"candidate": 36, "title": "Eternalism", "status": "selected"}
{"candidate": 37, "title": "Pain Jadeh", "status": "selected"}
{"candidate": 38, "title": "Henry P. Caulfield Jr.", "status": "selected"}
{"candidate": 39, "title": "Pararrhaptica punctiferana", "status": "selected"}
{"candidate": 40, "title": "Justin Andriamanantena", "status": "selected"}
{"candidate": 41, "title": "Douglas H. Cooper", "status": "over_source_size_filter"}
{"candidate": 42, "title": "Roding River", "status": "over_source_size_filter"}
{"candidate": 43, "title": "Susan Pettitt", "status": "over_source_size_filter"}
{"candidate": 44, "title": "Abel", "status": "over_source_size_filter"}
{"candidate": 45, "title": "Saru Kola", "status": "over_source_size_filter"}
{"candidate": 46, "title": "Farther Along (novel)", "status": "selected"}
{"candidate": 47, "title": "Juanita E. Thornton/Shepherd Park Neighborhood Library", "status": "selected"}
{"candidate": 48, "title": "Horace C. Spencer", "status": "selected"}
{"candidate": 49, "title": "Ayalon Mall", "status": "selected"}
{"candidate": 50, "title": "King Corcoran", "status": "selected"}
{"candidate": 51, "title": "Martos", "status": "over_source_size_filter"}
{"candidate": 52, "title": "Chief of Defence (Lithuania)", "status": "over_source_size_filter"}
{"candidate": 53, "title": "Palermo, Antioquia, Colombia", "status": "selected"}
{"candidate": 54, "title": "Nam Hinboun River", "status": "selected"}
{"candidate": 55, "title": "Aberdeen (disambiguation)", "status": "selected"}
{"candidate": 56, "title": "Franz Volkmar Reinhard", "status": "selected"}
{"candidate": 57, "title": "Percival River", "status": "selected"}
{"candidate": 58, "title": "List of fellows of the Royal Society elected in 2018", "status": "over_source_size_filter"}
{"candidate": 59, "title": "Syllepte polydonta", "status": "selected"}
{"candidate": 60, "title": "Janak Palta McGilligan", "status": "over_source_size_filter"}
{"candidate": 61, "title": "Da Yoopers", "status": "over_source_size_filter"}
{"candidate": 62, "title": "Ronga River", "status": "selected"}
{"candidate": 63, "title": "Puriri River", "status": "selected"}
{"candidate": 64, "title": "The Story Girl", "status": "over_source_size_filter"}
{"candidate": 65, "title": "St Mary's Church, Roecliffe", "status": "over_source_size_filter"}
{"candidate": 66, "title": "Martin McNeil", "status": "selected"}
{"candidate": 67, "title": "Huaibei", "status": "over_source_size_filter"}
{"candidate": 68, "title": "Bob Davis (ice hockey)", "status": "selected"}
{"candidate": 69, "title": "Anna King (writer)", "status": "selected"}
{"candidate": 70, "title": "Astronaut", "status": "over_source_size_filter"}
{"candidate": 71, "title": "Matelo Ferret", "status": "selected"}
{"candidate": 72, "title": "Syllepte laticalis", "status": "selected"}
{"candidate": 73, "title": "Big Coal", "status": "selected"}
{"candidate": 74, "title": "Voice of the Wallis and Futuna Peoples", "status": "selected"}
{"candidate": 75, "title": "Treatment of equine lameness", "status": "over_source_size_filter"}
{"candidate": 76, "title": "Puttintiki Ra Chelli", "status": "selected"}
{"candidate": 77, "title": "Corybas montanus", "status": "selected"}
{"candidate": 78, "title": "Bender (band)", "status": "selected"}
{"candidate": 79, "title": "Rock On (The Screaming Jets album)", "status": "selected"}
{"candidate": 80, "title": "Passive income", "status": "over_source_size_filter"}
{"candidate": 81, "title": "Mavarem Kola", "status": "selected"}
{"candidate": 82, "title": "Syllepte nigriscriptalis", "status": "selected"}
{"candidate": 83, "title": "Charles G. Finney", "status": "selected"}
{"candidate": 84, "title": "Seona Dancing", "status": "selected"}
{"candidate": 85, "title": "E Street Radio", "status": "retrieval_error"}
{"candidate": 86, "title": "The Day Is My Enemy (song)", "status": "over_source_size_filter"}
{"candidate": 87, "title": "Syllepte belialis", "status": "selected"}
{"candidate": 88, "title": "Pararrhaptica leopardella", "status": "selected"}
{"candidate": 89, "title": "Alphabet", "status": "over_source_size_filter"}
{"candidate": 90, "title": "Rea River", "status": "over_source_size_filter"}
{"candidate": 91, "title": "Rangiora River", "status": "selected"}
{"candidate": 92, "title": "2003 Iran Ilyushin Il-76 crash", "status": "over_source_size_filter"}
{"candidate": 93, "title": "Zosimaia School", "status": "selected"}
{"candidate": 94, "title": "Museum of African Art, Belgrade", "status": "over_source_size_filter"}
{"candidate": 95, "title": "Senior (album)", "status": "over_source_size_filter"}
{"candidate": 96, "title": "Forecast Systems Laboratory", "status": "selected"}
{"candidate": 97, "title": "Seyyed Hazara", "status": "selected"}
{"candidate": 98, "title": "Syllepte curiusalis", "status": "selected"}
{"candidate": 99, "title": "James Robertson (Australian Army officer)", "status": "selected"}
{"candidate": 100, "title": "Syllepte mesoleucalis", "status": "selected"}
{"candidate": 101, "title": "Bush Ranger (car)", "status": "retrieval_error"}
{"candidate": 102, "title": "Archie Stout", "status": "retrieval_error"}
{"candidate": 103, "title": "Syllepte sulphureotincta", "status": "retrieval_error"}
{"candidate": 104, "title": "Scottish Parliamentary Standards Commissioner", "status": "retrieval_error"}
{"candidate": 105, "title": "Now Deh, Qaem Shahr", "status": "retrieval_error"}
{"candidate": 106, "title": "John Winston (actor)", "status": "retrieval_error"}
{"candidate": 107, "title": "Follow Me TV", "status": "retrieval_error"}
{"candidate": 108, "title": "Clarence Remus Wilson", "status": "retrieval_error"}
{"candidate": 109, "title": "Orius insidiosus", "status": "retrieval_error"}
{"candidate": 110, "title": "Outjo Secondary School", "status": "retrieval_error"}
{"candidate": 111, "title": "Alkali metal", "status": "retrieval_error"}
{"candidate": 112, "title": "Akhteh Chi", "status": "retrieval_error"}
{"candidate": 113, "title": "List of awards and nominations received by Sheryl Crow", "status": "retrieval_error"}
{"candidate": 114, "title": "ASCII", "status": "over_source_size_filter"}
{"candidate": 115, "title": "Andrew J. Tomlin", "status": "retrieval_error"}
{"candidate": 116, "title": "People's Union for Wallis and Futuna", "status": "retrieval_error"}
{"candidate": 117, "title": "Q. Todd Dickinson", "status": "retrieval_error"}
{"candidate": 118, "title": "Arraignment", "status": "retrieval_error"}
{"candidate": 119, "title": "Abd al-Rahman al-Jadiri", "status": "retrieval_error"}
{"candidate": 120, "title": "Syllepte hyalescens", "status": "retrieval_error"}
{"candidate": 121, "title": "Frederick William Gamble", "status": "retrieval_error"}
{"candidate": 122, "title": "Walton and Ivythorn Hills", "status": "retrieval_error"}
{"candidate": 123, "title": "Texel sheep", "status": "retrieval_error"}
{"candidate": 124, "title": "Saint-Placide, Quebec", "status": "retrieval_error"}
{"candidate": 125, "title": "Rough River (New Zealand)", "status": "retrieval_error"}
{"candidate": 126, "title": "Geronimo Dyogi", "status": "retrieval_error"}
{"candidate": 127, "title": "Michael Rosenauer", "status": "retrieval_error"}
{"candidate": 128, "title": "USS Arapahoe (1864)", "status": "retrieval_error"}
{"candidate": 129, "title": "North African World Series", "status": "retrieval_error"}
{"candidate": 130, "title": "Orobazus", "status": "retrieval_error"}
{"candidate": 131, "title": "Emil Hurezeanu", "status": "retrieval_error"}
{"candidate": 132, "title": "Pons Cestius", "status": "retrieval_error"}
{"candidate": 133, "title": "Maximilian Seyssel d'Aix", "status": "retrieval_error"}
{"candidate": 134, "title": "Andre Agassi", "status": "retrieval_error"}
{"candidate": 135, "title": "Thomas Einwaller", "status": "retrieval_error"}
{"candidate": 136, "title": "Scott Braley", "status": "retrieval_error"}
{"candidate": 137, "title": "2015 Cincinnati Bearcats football team", "status": "retrieval_error"}
{"candidate": 138, "title": "The Rally (New Caledonia)", "status": "retrieval_error"}
{"candidate": 139, "title": "Paradise Valley, Nevada", "status": "retrieval_error"}
{"candidate": 140, "title": "Oostakker", "status": "selected"}
{"candidate": 141, "title": "Wayne Chernecki", "status": "retrieval_error"}
{"candidate": 142, "title": "Adventure Playhouse", "status": "retrieval_error"}
{"candidate": 143, "title": "Gra\u017eut\u0117 \u010cepait\u0117-Ragauskien\u0117", "status": "retrieval_error"}
{"candidate": 144, "title": "Annual plant", "status": "retrieval_error"}
{"candidate": 145, "title": "2005 in Portuguese television", "status": "retrieval_error"}
{"candidate": 146, "title": "Kartij Kola", "status": "retrieval_error"}
{"candidate": 147, "title": "Newman Outdoor Field", "status": "retrieval_error"}
{"candidate": 148, "title": "Sankwala Mountains", "status": "retrieval_error"}
{"candidate": 149, "title": "Touchdown Jesus", "status": "retrieval_error"}
{"candidate": 150, "title": "Arthur Schopenhauer", "status": "retrieval_error"}
{"candidate": 151, "title": "Andrzej Bogus\u0142awski", "status": "retrieval_error"}
{"candidate": 152, "title": "Dineh Sar", "status": "retrieval_error"}
{"candidate": 153, "title": "Environmental Technology Laboratory", "status": "retrieval_error"}
{"candidate": 154, "title": "Storr", "status": "selected"}
{"candidate": 155, "title": "Recombinant inbred strain", "status": "retrieval_error"}
{"candidate": 156, "title": "Arithmetic mean", "status": "retrieval_error"}
{"candidate": 157, "title": "Christine Goitschel", "status": "retrieval_error"}
{"candidate": 158, "title": "All In (Stroke 9 album)", "status": "retrieval_error"}
{"candidate": 159, "title": "Lizzie Ahern", "status": "retrieval_error"}
{"candidate": 160, "title": "Thurlbear Wood and Quarrylands", "status": "retrieval_error"}
{"candidate": 161, "title": "2008\u201309 Xtreme Soccer League season", "status": "retrieval_error"}
{"candidate": 162, "title": "Eccoptocera foetorivorans", "status": "retrieval_error"}
{"candidate": 163, "title": "Patrick D. Wall (scientist)", "status": "retrieval_error"}
{"candidate": 164, "title": "Wang Jong-she", "status": "retrieval_error"}
{"candidate": 165, "title": "Agnostida", "status": "retrieval_error"}
{"candidate": 166, "title": "Late Night Tales: Four Tet", "status": "retrieval_error"}
{"candidate": 167, "title": "Joseph Jongen", "status": "retrieval_error"}
{"candidate": 168, "title": "Ivan Trutnev", "status": "retrieval_error"}
{"candidate": 169, "title": "M. V. Lomonosov School of Electrotechnics and Electronics", "status": "retrieval_error"}
{"candidate": 170, "title": "Rai River", "status": "retrieval_error"}
{"candidate": 171, "title": "Albert Einstein", "status": "retrieval_error"}
{"candidate": 172, "title": "Albertas Broga", "status": "retrieval_error"}
{"candidate": 173, "title": "Astragalus inyoensis", "status": "retrieval_error"}
{"candidate": 174, "title": "Pontifical Academy of Mary", "status": "retrieval_error"}
{"candidate": 175, "title": "Pahi River", "status": "retrieval_error"}
{"candidate": 176, "title": "Azerbaijan", "status": "over_source_size_filter"}
{"candidate": 177, "title": "President's House, University of Michigan", "status": "retrieval_error"}
{"candidate": 178, "title": "Frank J. Thomas", "status": "retrieval_error"}
{"candidate": 179, "title": "Oxford Parliament (1681)", "status": "retrieval_error"}
{"candidate": 180, "title": "Ignas Budrys", "status": "retrieval_error"}
{"candidate": 181, "title": "Prosopis humilis", "status": "retrieval_error"}
{"candidate": 182, "title": "Syllepte albicostalis", "status": "retrieval_error"}
{"candidate": 183, "title": "Kasegar Kola", "status": "retrieval_error"}
{"candidate": 184, "title": "Inwood station", "status": "retrieval_error"}
{"candidate": 185, "title": "Filmworks XX: Sholem Aleichem", "status": "retrieval_error"}
{"candidate": 186, "title": "Mike Teague", "status": "retrieval_error"}
{"candidate": 187, "title": "Rafael Batlle Pacheco", "status": "retrieval_error"}
{"candidate": 188, "title": "Zilet", "status": "retrieval_error"}
{"candidate": 189, "title": "Nadia Tagrine", "status": "retrieval_error"}
{"candidate": 190, "title": "Oecumenius", "status": "retrieval_error"}
{"candidate": 191, "title": "Radio City 1386AM", "status": "retrieval_error"}
{"candidate": 192, "title": "Lever (surname)", "status": "retrieval_error"}
{"candidate": 193, "title": "The Dance of the Storm", "status": "retrieval_error"}
{"candidate": 194, "title": "The Screaming Blue Messiahs", "status": "retrieval_error"}
{"candidate": 195, "title": "Crumlin, Dublin", "status": "retrieval_error"}
{"candidate": 196, "title": "Gipo Farassino", "status": "retrieval_error"}
{"candidate": 197, "title": "Puhi Puhi River", "status": "retrieval_error"}
{"candidate": 198, "title": "Asymmetric graph", "status": "retrieval_error"}
{"candidate": 199, "title": "Assistive technology", "status": "retrieval_error"}
{"candidate": 200, "title": "Rowland Jones-Bateman", "status": "retrieval_error"}
{"candidate": 201, "title": "Syllepte ogoalis", "status": "retrieval_error"}
{"candidate": 202, "title": "Whanganui Rugby Football Union", "status": "retrieval_error"}
{"candidate": 203, "title": "Altruism", "status": "over_source_size_filter"}
{"candidate": 204, "title": "Zegujani oil field", "status": "retrieval_error"}
{"candidate": 205, "title": "Otitis externa in animals", "status": "retrieval_error"}
{"candidate": 206, "title": "Jesse Spencer", "status": "retrieval_error"}
{"candidate": 207, "title": "Lemuel (biblical king)", "status": "retrieval_error"}
{"candidate": 208, "title": "Rene Lavan", "status": "retrieval_error"}
{"candidate": 209, "title": "Spi\u0161sk\u00e1 Kapitula", "status": "retrieval_error"}
{"candidate": 210, "title": "List of Yukon roads", "status": "retrieval_error"}
{"candidate": 211, "title": "Peter H. Lin", "status": "retrieval_error"}
{"candidate": 212, "title": "Answer (law)", "status": "retrieval_error"}
{"candidate": 213, "title": "Salduz Kola-ye Bala", "status": "retrieval_error"}
{"candidate": 214, "title": "The Sailor's Return (novel)", "status": "retrieval_error"}
{"candidate": 215, "title": "Sami Aldeeb", "status": "retrieval_error"}
{"candidate": 216, "title": "Rappahannock River (New Zealand)", "status": "retrieval_error"}
{"candidate": 217, "title": "Rees River", "status": "retrieval_error"}
{"candidate": 218, "title": "Daniel Omiela\u0144czuk", "status": "retrieval_error"}
{"candidate": 219, "title": "Renewed Caledonian Union", "status": "retrieval_error"}
{"candidate": 220, "title": "Norwegian Institute of Local History", "status": "retrieval_error"}
{"candidate": 221, "title": "University of Wisconsin Experimental College", "status": "retrieval_error"}
{"candidate": 222, "title": "Monroe Railroad", "status": "retrieval_error"}
{"candidate": 223, "title": "Xe Bang Fai River", "status": "retrieval_error"}
{"candidate": 224, "title": "Ona Baliukon\u0117", "status": "retrieval_error"}
{"candidate": 225, "title": "Liam Carroll (judoka)", "status": "retrieval_error"}
{"candidate": 226, "title": "Bernie Senensky", "status": "retrieval_error"}
{"candidate": 227, "title": "William Seymour, 3rd Duke of Somerset", "status": "retrieval_error"}
{"candidate": 228, "title": "Kaity Tong", "status": "retrieval_error"}
{"candidate": 229, "title": "Pararrhaptica fuscoviridis", "status": "retrieval_error"}
{"candidate": 230, "title": "Representation of the People (Scotland) Act 1868", "status": "retrieval_error"}
{"candidate": 231, "title": "Hugh Wooding", "status": "retrieval_error"}
{"candidate": 232, "title": "Rimantas \u0160ulskis", "status": "retrieval_error"}
{"candidate": 233, "title": "Filmworks XXI: Belle de Nature/The New Rijksmuseum", "status": "retrieval_error"}
{"candidate": 234, "title": "Bodla Bahar", "status": "retrieval_error"}
{"candidate": 235, "title": "P. humilis", "status": "retrieval_error"}
{"candidate": 236, "title": "Lilieci gas field", "status": "retrieval_error"}
{"candidate": 237, "title": "Jimmy McGrath", "status": "retrieval_error"}
{"candidate": 238, "title": "All (I Ever Want)", "status": "retrieval_error"}
{"candidate": 239, "title": "Trigonopterus merubetirensis", "status": "retrieval_error"}
{"candidate": 240, "title": "Syllepte philetalis", "status": "retrieval_error"}
{"candidate": 241, "title": "Shenandoah River (New Zealand)", "status": "selected"}
{"candidate": 242, "title": "Syllepte picalis", "status": "retrieval_error"}
{"candidate": 243, "title": "Mian Rud, Qaem Shahr", "status": "retrieval_error"}
{"candidate": 244, "title": "Alina Briedelyt\u0117-Kavaliauskien\u0117", "status": "retrieval_error"}
{"candidate": 245, "title": "Affidavit", "status": "over_source_size_filter"}
{"candidate": 246, "title": "Eccoptocera osteomelesana", "status": "retrieval_error"}
{"candidate": 247, "title": "Furija", "status": "retrieval_error"}
{"candidate": 248, "title": "Apiales", "status": "retrieval_error"}
{"candidate": 249, "title": "Eugenijus Mindaugas Budrys", "status": "retrieval_error"}
{"candidate": 250, "title": "Zhu Xingliang", "status": "retrieval_error"}
{"candidate": 251, "title": "List of Israeli films of 1977", "status": "retrieval_error"}
{"candidate": 252, "title": "Atlantic Ocean", "status": "retrieval_error"}
{"candidate": 253, "title": "Jandala (Samahni Valley)", "status": "retrieval_error"}
{"candidate": 254, "title": "IAAF Golden Events", "status": "retrieval_error"}
{"candidate": 255, "title": "Choft Sar, Qaem Shahr", "status": "retrieval_error"}
{"candidate": 256, "title": "Par Chinak", "status": "retrieval_error"}
{"candidate": 257, "title": "Parturition (Star Trek: Voyager)", "status": "retrieval_error"}
{"candidate": 258, "title": "Aikido", "status": "over_source_size_filter"}
{"candidate": 259, "title": "Ahmad (crater)", "status": "retrieval_error"}
{"candidate": 260, "title": "Coconut pearl", "status": "retrieval_error"}
{"candidate": 261, "title": "Syllepte nasonalis", "status": "retrieval_error"}
{"candidate": 262, "title": "A", "status": "over_source_size_filter"}
{"candidate": 263, "title": "List of Oregon Ducks starting quarterbacks", "status": "retrieval_error"}
{"candidate": 264, "title": "Akaflieg Stuttgart fs23", "status": "retrieval_error"}
{"candidate": 265, "title": "Hardow Rud, Qaem Shahr", "status": "retrieval_error"}
{"candidate": 266, "title": "Nicolaes van Verendael", "status": "retrieval_error"}
{"candidate": 267, "title": "Maghera (parish)", "status": "retrieval_error"}
{"candidate": 268, "title": "Guga (footballer, born 1998)", "status": "retrieval_error"}
{"candidate": 269, "title": "Suman Mukhopadhyay", "status": "retrieval_error"}
{"candidate": 270, "title": "Thomas McCombie", "status": "retrieval_error"}
{"candidate": 271, "title": "Hossein Zakeri", "status": "retrieval_error"}
{"candidate": 272, "title": "Cihan Y\u0131lmaz", "status": "retrieval_error"}
{"candidate": 273, "title": "Les Yeux de la faim", "status": "retrieval_error"}
{"candidate": 274, "title": "Natural and Culturo-Historical Region of Kotor", "status": "retrieval_error"}
{"candidate": 275, "title": "Sean Davison", "status": "retrieval_error"}
{"candidate": 276, "title": "Split/Second", "status": "over_source_size_filter"}
{"candidate": 277, "title": "The Naked Society", "status": "retrieval_error"}
{"candidate": 278, "title": "List of township-level divisions of Anhui", "status": "retrieval_error"}
{"candidate": 279, "title": "Analysis of variance", "status": "retrieval_error"}
{"candidate": 280, "title": "Attanagalu Oya", "status": "retrieval_error"}
{"candidate": 281, "title": "Andr\u00e1ssy \u00fat", "status": "retrieval_error"}
{"candidate": 282, "title": "Svinia", "status": "retrieval_error"}
{"candidate": 283, "title": "Dasteh-ye Rakan Kola", "status": "retrieval_error"}
{"candidate": 284, "title": "Apollo", "status": "over_source_size_filter"}
{"candidate": 285, "title": "Vengeful Creditor", "status": "retrieval_error"}
{"candidate": 286, "title": "Ruakituri River", "status": "retrieval_error"}
{"candidate": 287, "title": "Attention!", "status": "retrieval_error"}
{"candidate": 288, "title": "IFK Mariestad", "status": "retrieval_error"}
{"candidate": 289, "title": "Gushi Kola", "status": "retrieval_error"}
{"candidate": 290, "title": "Sidney Blunt", "status": "retrieval_error"}
{"candidate": 291, "title": "Double Concerto for Two String Orchestras, Piano, and Timpani", "status": "retrieval_error"}
{"candidate": 292, "title": "Jean Tarde", "status": "retrieval_error"}
{"candidate": 293, "title": "Ahangar Kola-ye Now Kandeh", "status": "retrieval_error"}
{"candidate": 294, "title": "Robertas Antinis", "status": "retrieval_error"}
{"candidate": 295, "title": "Bronislovas Rudys", "status": "retrieval_error"}
{"candidate": 296, "title": "Orcistus", "status": "retrieval_error"}
{"candidate": 297, "title": "Ari\u00e1n Pucheta", "status": "retrieval_error"}
{"candidate": 298, "title": "Lu Min (actor)", "status": "retrieval_error"}
{"candidate": 299, "title": "Swizzlewick", "status": "retrieval_error"}
{"candidate": 300, "title": "Ika-5 Utos", "status": "retrieval_error"}
{"candidate": 301, "title": "\u0141ukasz Krawczuk", "status": "retrieval_error"}
{"candidate": 302, "title": "Liber Assisarum (disambiguation)", "status": "retrieval_error"}
{"candidate": 303, "title": "Abstract (law)", "status": "retrieval_error"}
{"candidate": 304, "title": "2005 in South African television", "status": "retrieval_error"}
{"candidate": 305, "title": "Maleh", "status": "retrieval_error"}
{"candidate": 306, "title": "Colin Harvey", "status": "retrieval_error"}
{"candidate": 307, "title": "Kosteln\u00ed Hlavno", "status": "retrieval_error"}
{"candidate": 308, "title": "Channing Tatum", "status": "retrieval_error"}
{"candidate": 309, "title": "American National Standards Institute", "status": "over_source_size_filter"}
{"candidate": 310, "title": "Kelagar Mahalleh, Qaem Shahr", "status": "retrieval_error"}
{"candidate": 311, "title": "Jaber Abu Hussein", "status": "retrieval_error"}
{"candidate": 312, "title": "Iron Building (Watervliet Arsenal)", "status": "retrieval_error"}
{"candidate": 313, "title": "Rabies immunoglobulin", "status": "retrieval_error"}
{"candidate": 314, "title": "Michener Award", "status": "retrieval_error"}
{"candidate": 315, "title": "Appendicula elegans", "status": "retrieval_error"}
{"candidate": 316, "title": "Franklin M. Fisher", "status": "retrieval_error"}
{"candidate": 317, "title": "Milki", "status": "retrieval_error"}
{"candidate": 318, "title": "Talarpey Rural District", "status": "retrieval_error"}
{"candidate": 319, "title": "Art", "status": "over_source_size_filter"}
{"candidate": 320, "title": "We Rule the Night", "status": "retrieval_error"}
{"candidate": 321, "title": "1951 Bristol West by-election", "status": "retrieval_error"}
{"candidate": 322, "title": "Paturau River", "status": "retrieval_error"}
{"candidate": 323, "title": "Purangi River", "status": "retrieval_error"}
{"candidate": 324, "title": "Kuzma Andrianov", "status": "retrieval_error"}
{"candidate": 325, "title": "Bangka Malay", "status": "retrieval_error"}
{"candidate": 326, "title": "Return to Earth 91\u201393", "status": "retrieval_error"}
{"candidate": 327, "title": "Mosler MT900", "status": "over_source_size_filter"}
{"candidate": 328, "title": "Yuri Ofman", "status": "retrieval_error"}
{"candidate": 329, "title": "Friends' Central School", "status": "retrieval_error"}
{"candidate": 330, "title": "Bin Yaroof", "status": "retrieval_error"}
{"candidate": 331, "title": "Henrikas Ciparis", "status": "retrieval_error"}
{"candidate": 332, "title": "Tanikawa", "status": "retrieval_error"}
{"candidate": 333, "title": "Amer Halili\u0107", "status": "retrieval_error"}
{"candidate": 334, "title": "Supersilent", "status": "retrieval_error"}
{"candidate": 335, "title": "Max Griggs", "status": "retrieval_error"}
{"candidate": 336, "title": "C\u0113su Alus", "status": "retrieval_error"}
{"candidate": 337, "title": "Einar L\u00f8chen (1918\u20132008)", "status": "retrieval_error"}
{"candidate": 338, "title": "Pararrhaptica lichenoides", "status": "retrieval_error"}
{"candidate": 339, "title": "Federation of Belgian Enterprises", "status": "retrieval_error"}
{"candidate": 340, "title": "Lev Gutkin", "status": "retrieval_error"}
{"candidate": 341, "title": "Lara Maigue", "status": "retrieval_error"}
{"candidate": 342, "title": "Organization for Cooperation of Railways", "status": "retrieval_error"}
{"candidate": 343, "title": "Paul E. Menoher", "status": "retrieval_error"}
{"candidate": 344, "title": "Syllepte leucodontia", "status": "retrieval_error"}
{"candidate": 345, "title": "Lazarus Churchyard", "status": "retrieval_error"}
{"candidate": 346, "title": "\u014ctoko River", "status": "retrieval_error"}
{"candidate": 347, "title": "Al-Jamahir", "status": "retrieval_error"}
{"candidate": 348, "title": "Darius Maskoli\u016bnas", "status": "retrieval_error"}
{"candidate": 349, "title": "Alaska", "status": "over_source_size_filter"}
{"candidate": 350, "title": "Tony Pierce", "status": "retrieval_error"}
{"candidate": 351, "title": "Chinese cruiser Hai Yung", "status": "retrieval_error"}
{"candidate": 352, "title": "Antal Het\u00e9nyi", "status": "retrieval_error"}
{"candidate": 353, "title": "Roderick Welsh", "status": "retrieval_error"}
{"candidate": 354, "title": "Indian Revenue Service", "status": "retrieval_error"}
{"candidate": 355, "title": "Leadership Conference of Women Religious", "status": "retrieval_error"}
{"candidate": 356, "title": "Anita Br\u00e4gger", "status": "retrieval_error"}
{"candidate": 357, "title": "Teresianum", "status": "retrieval_error"}
{"candidate": 358, "title": "Miki Tori", "status": "retrieval_error"}
{"candidate": 359, "title": "Punakaiki River", "status": "retrieval_error"}
{"candidate": 360, "title": "Essay on the Origin of Languages", "status": "retrieval_error"}
{"candidate": 361, "title": "Stuart O'Keeffe", "status": "retrieval_error"}
{"candidate": 362, "title": "List of Chase (2008 TV series) episodes", "status": "retrieval_error"}
{"candidate": 363, "title": "Rhyothemis variegata", "status": "retrieval_error"}
{"candidate": 364, "title": "Grassroots Support Organization", "status": "retrieval_error"}
{"candidate": 365, "title": "Valuation effects", "status": "retrieval_error"}
{"candidate": 366, "title": "Volvo SCC", "status": "retrieval_error"}
{"candidate": 367, "title": "John Price (librarian)", "status": "retrieval_error"}
{"candidate": 368, "title": "Coleraine High School", "status": "retrieval_error"}
{"candidate": 369, "title": "2003 in Polish television", "status": "retrieval_error"}
{"candidate": 370, "title": "Alexandra Holden", "status": "retrieval_error"}
{"candidate": 371, "title": "Alfred Nobel", "status": "retrieval_error"}
{"candidate": 372, "title": "Real Club de Polo de Barcelona", "status": "retrieval_error"}
{"candidate": 373, "title": "Pakoka River", "status": "retrieval_error"}
{"candidate": 374, "title": "2013 in Norwegian television", "status": "retrieval_error"}
{"candidate": 375, "title": "I Won't Get Bullied by Girls", "status": "retrieval_error"}
{"candidate": 376, "title": "Bishop of Hong Kong", "status": "retrieval_error"}
{"candidate": 377, "title": "South Indian Cultural Association, Hyderabad", "status": "retrieval_error"}
{"candidate": 378, "title": "Steve West (darts player)", "status": "retrieval_error"}
{"candidate": 379, "title": "Mount Angel Abbey", "status": "retrieval_error"}
{"candidate": 380, "title": "2012 in South African television", "status": "retrieval_error"}
{"candidate": 381, "title": "Kyle Donahue", "status": "retrieval_error"}
{"candidate": 382, "title": "Botteniga", "status": "retrieval_error"}
{"candidate": 383, "title": "Zinaida Irut\u0117 Dargien\u0117", "status": "retrieval_error"}
{"candidate": 384, "title": "Shelagh McDonald", "status": "retrieval_error"}
{"candidate": 385, "title": "2010 in South African television", "status": "retrieval_error"}
{"candidate": 386, "title": "Raudot Ordinance of 1709", "status": "retrieval_error"}
{"candidate": 387, "title": "Android (robot)", "status": "retrieval_error"}
{"candidate": 388, "title": "2015 European Superstock 600 Championship", "status": "retrieval_error"}
{"candidate": 389, "title": "Syllepte purpuralis", "status": "retrieval_error"}
{"candidate": 390, "title": "2005 Mong shootings", "status": "retrieval_error"}
{"candidate": 391, "title": "King Country Rugby Football Union", "status": "retrieval_error"}
{"candidate": 392, "title": "Ona Danut\u0117 Buivydait\u0117", "status": "retrieval_error"}
{"candidate": 393, "title": "Truman Balcony", "status": "retrieval_error"}
{"candidate": 394, "title": "Achilles", "status": "over_source_size_filter"}
{"candidate": 395, "title": "K\u0119stutis Antan\u0117lis", "status": "selected"}
{"candidate": 396, "title": "Najjar Kola-ye Jadid", "status": "retrieval_error"}
{"candidate": 397, "title": "Edward Doyle (Irish politician)", "status": "retrieval_error"}
{"candidate": 398, "title": "Armin B\u00fcchel", "status": "retrieval_error"}
{"candidate": 399, "title": "Harries", "status": "retrieval_error"}
{"candidate": 400, "title": "Dodole", "status": "retrieval_error"}
{"candidate": 401, "title": "Canton of Mirecourt", "status": "retrieval_error"}
{"candidate": 402, "title": "Francis Seymour, 5th Duke of Somerset", "status": "retrieval_error"}
{"candidate": 403, "title": "Jang In-gwon", "status": "retrieval_error"}
{"candidate": 404, "title": "Liudas Vilimas", "status": "retrieval_error"}
{"candidate": 405, "title": "2018\u201319 Crystal Palace F.C. season", "status": "retrieval_error"}
{"candidate": 406, "title": "Valentinas Antanavi\u010dius", "status": "retrieval_error"}
{"candidate": 407, "title": "Appellate court", "status": "retrieval_error"}
{"candidate": 408, "title": "Port Howe", "status": "retrieval_error"}
{"candidate": 409, "title": "Warren Ewens", "status": "retrieval_error"}
{"candidate": 410, "title": "Low and high hierarchies", "status": "retrieval_error"}
{"candidate": 411, "title": "Pakowhai River", "status": "retrieval_error"}
{"candidate": 412, "title": "The Alan Dale Show", "status": "retrieval_error"}
{"candidate": 413, "title": "Swin River", "status": "retrieval_error"}
{"candidate": 414, "title": "Berts bekymmer", "status": "retrieval_error"}
{"candidate": 415, "title": "1956 B-47 disappearance", "status": "retrieval_error"}
{"candidate": 416, "title": "Rolling River", "status": "retrieval_error"}
{"candidate": 417, "title": "The Expendables (1988 film)", "status": "retrieval_error"}
{"candidate": 418, "title": "A Modest Proposal", "status": "retrieval_error"}
{"candidate": 419, "title": "Gediminas Akstinas", "status": "retrieval_error"}
{"candidate": 420, "title": "Smite River", "status": "retrieval_error"}
{"candidate": 421, "title": "The Wild Ones (song)", "status": "retrieval_error"}
{"candidate": 422, "title": "Nam Pakan", "status": "retrieval_error"}
{"candidate": 423, "title": "Devinn Lane", "status": "retrieval_error"}
{"candidate": 424, "title": "Mahmudul Hasan", "status": "retrieval_error"}
{"candidate": 425, "title": "Almost Famous (soundtrack)", "status": "retrieval_error"}
{"candidate": 426, "title": "Tholymis tillarga", "status": "retrieval_error"}
{"candidate": 427, "title": "Ayn Rand", "status": "retrieval_error"}
{"candidate": 428, "title": "Prosecution Service of Russia class rate insignia", "status": "retrieval_error"}
{"candidate": 429, "title": "Honda Fireblade", "status": "retrieval_error"}
{"candidate": 430, "title": "Duk, Mazandaran", "status": "retrieval_error"}
{"candidate": 431, "title": "Asteroid", "status": "over_source_size_filter"}
{"candidate": 432, "title": "Accident in Paradise", "status": "retrieval_error"}
{"candidate": 433, "title": "Antoine-Augustin Pr\u00e9ault", "status": "retrieval_error"}
{"candidate": 434, "title": "Stour River", "status": "retrieval_error"}
{"candidate": 435, "title": "Aulds Cove", "status": "retrieval_error"}
{"candidate": 436, "title": "Reunification Movement for Change", "status": "retrieval_error"}
{"candidate": 437, "title": "Collapsed vein", "status": "retrieval_error"}
{"candidate": 438, "title": "Chowdhury Tanbir Ahmed Siddiky", "status": "retrieval_error"}
{"candidate": 439, "title": "Critical Reviews in Food Science and Nutrition", "status": "retrieval_error"}
{"candidate": 440, "title": "Owjabandan", "status": "retrieval_error"}
{"candidate": 441, "title": "Bullshit (disambiguation)", "status": "retrieval_error"}
{"candidate": 442, "title": "1952 World Professional Match-play Championship", "status": "retrieval_error"}
{"candidate": 443, "title": "Dun Vulan", "status": "retrieval_error"}
{"candidate": 444, "title": "Ron Crayden", "status": "retrieval_error"}
{"candidate": 445, "title": "\u014ctere River", "status": "retrieval_error"}
{"candidate": 446, "title": "Tanya Oxtoby", "status": "retrieval_error"}
{"candidate": 447, "title": "Pororari River", "status": "retrieval_error"}
{"candidate": 448, "title": "Elm Street Elementary School", "status": "selected"}
{"candidate": 449, "title": "Port of Alicante", "status": "retrieval_error"}
{"candidate": 450, "title": "Lola T332", "status": "retrieval_error"}
{"candidate": 451, "title": "Lucinda Ballard", "status": "retrieval_error"}
{"candidate": 452, "title": "Craig R. McKinley", "status": "retrieval_error"}
{"candidate": 453, "title": "Lactarius chrysorrheus", "status": "retrieval_error"}
{"candidate": 454, "title": "Adrenal gland disorder", "status": "retrieval_error"}
{"candidate": 455, "title": "Kerva, Mazandaran", "status": "retrieval_error"}
{"candidate": 456, "title": "Ruak\u0101k\u0101 River", "status": "retrieval_error"}
{"candidate": 457, "title": "USS Keosauqua", "status": "retrieval_error"}
{"candidate": 458, "title": "List of Atlas Shrugged characters", "status": "retrieval_error"}
{"candidate": 459, "title": "The Expanse (novel series)", "status": "retrieval_error"}
{"candidate": 460, "title": "Guy W. Selby", "status": "retrieval_error"}
{"candidate": 461, "title": "Nosokinetics", "status": "retrieval_error"}
{"candidate": 462, "title": "Chowdhury Kazemuddin Ahmed Siddiky", "status": "retrieval_error"}
{"candidate": 463, "title": "Bandhan Bank", "status": "retrieval_error"}
{"candidate": 464, "title": "Optoelectrofluidics", "status": "retrieval_error"}
{"candidate": 465, "title": "Otiake River", "status": "retrieval_error"}
{"candidate": 466, "title": "William Thom (poet)", "status": "retrieval_error"}
{"candidate": 467, "title": "Amsterdam", "status": "over_source_size_filter"}
{"candidate": 468, "title": "Animalia (book)", "status": "retrieval_error"}
{"candidate": 469, "title": "Marie Depage", "status": "retrieval_error"}
{"candidate": 470, "title": "Neurothemis tullia", "status": "retrieval_error"}
{"candidate": 471, "title": "Prom Night IV: Deliver Us from Evil", "status": "retrieval_error"}
{"candidate": 472, "title": "Nijol\u0117 B\u016brait\u0117", "status": "retrieval_error"}
{"candidate": 473, "title": "Michael Kr\u00fcger", "status": "retrieval_error"}
{"candidate": 474, "title": "2006 in South African television", "status": "retrieval_error"}
{"candidate": 475, "title": "Ebba", "status": "retrieval_error"}
{"candidate": 476, "title": "Antonia Kidman", "status": "retrieval_error"}
{"candidate": 477, "title": "Paul Merton's Palladium Story", "status": "retrieval_error"}
{"candidate": 478, "title": "Recompose", "status": "retrieval_error"}
{"candidate": 479, "title": "Vitalija Bartkuvien\u0117", "status": "retrieval_error"}
{"candidate": 480, "title": "Aristotle", "status": "over_source_size_filter"}
{"candidate": 481, "title": "Syllepte bitjecola", "status": "retrieval_error"}
{"candidate": 482, "title": "C. G. Lane", "status": "retrieval_error"}
{"candidate": 483, "title": "Israelites of the New Universal Pact", "status": "retrieval_error"}
{"candidate": 484, "title": "Panaphelix marmorata", "status": "retrieval_error"}
{"candidate": 485, "title": "Jean Fabre", "status": "retrieval_error"}
{"candidate": 486, "title": "Mok Cheuk Wing", "status": "retrieval_error"}
{"candidate": 487, "title": "Vipava", "status": "retrieval_error"}
{"candidate": 488, "title": "Pi\u0219colt oil field", "status": "retrieval_error"}
{"candidate": 489, "title": "Horou\u0161any", "status": "retrieval_error"}
{"candidate": 490, "title": "Al Lewis (singer-songwriter)", "status": "retrieval_error"}
{"candidate": 491, "title": "FEB", "status": "retrieval_error"}
{"candidate": 492, "title": "Andrea Dromm", "status": "retrieval_error"}
{"candidate": 493, "title": "D\u0159ev\u010dice", "status": "retrieval_error"}
{"candidate": 494, "title": "Spodnja Sorica", "status": "retrieval_error"}
{"candidate": 495, "title": "Death of Kevin Gately", "status": "retrieval_error"}
{"candidate": 496, "title": "Caledonian Union", "status": "retrieval_error"}
{"candidate": 497, "title": "Blagomir Krivoku\u0107a", "status": "retrieval_error"}
{"candidate": 498, "title": "Racehorse River", "status": "selected"}
{"candidate": 499, "title": "Lloimincia Hall", "status": "retrieval_error"}
{"candidate": 500, "title": "Yunmen Temple (Guangdong)", "status": "retrieval_error"}
{"candidate": 501, "title": "James Ball (footballer)", "status": "retrieval_error"}
{"candidate": 502, "title": "Here Comes the Neighborhood", "status": "retrieval_error"}
{"candidate": 503, "title": "Ondo Kingdom", "status": "retrieval_error"}
{"candidate": 504, "title": "United States Bicycling Hall of Fame", "status": "retrieval_error"}
{"candidate": 505, "title": "Borji-ye Kheyl", "status": "retrieval_error"}
{"candidate": 506, "title": "Interlocutory", "status": "retrieval_error"}
{"candidate": 507, "title": "1905 Liverpool Everton by-election", "status": "retrieval_error"}
{"candidate": 508, "title": "Zelene\u010d", "status": "retrieval_error"}
{"candidate": 509, "title": "Jamal Kola", "status": "retrieval_error"}
{"candidate": 510, "title": "Afrapol", "status": "retrieval_error"}
{"candidate": 511, "title": "Angolan Armed Forces", "status": "retrieval_error"}
{"candidate": 512, "title": "Pungapunga River", "status": "retrieval_error"}
{"candidate": 513, "title": "Argument (disambiguation)", "status": "retrieval_error"}
{"candidate": 514, "title": "Academy Awards", "status": "over_source_size_filter"}
{"candidate": 515, "title": "Syllepte placophaea", "status": "retrieval_error"}
{"candidate": 516, "title": "Porter River", "status": "retrieval_error"}
{"candidate": 517, "title": "Hell to the Naw Naw", "status": "retrieval_error"}
{"candidate": 518, "title": "Ronald Davies (judge)", "status": "retrieval_error"}
{"candidate": 519, "title": "K\u0159enek", "status": "retrieval_error"}
{"candidate": 520, "title": "Craig White", "status": "retrieval_error"}
{"candidate": 521, "title": "Crosby Homes", "status": "retrieval_error"}
{"candidate": 522, "title": "List of Israeli films of 1979", "status": "retrieval_error"}
{"candidate": 523, "title": "2004 in Polish television", "status": "retrieval_error"}
{"candidate": 524, "title": "Harihar Banerjee", "status": "retrieval_error"}
{"candidate": 525, "title": "Abjad", "status": "retrieval_error"}
{"candidate": 526, "title": "The Adventures of Sherlock Holmes (disambiguation)", "status": "retrieval_error"}
{"candidate": 527, "title": "Konojedy", "status": "retrieval_error"}
{"candidate": 528, "title": "Dark Bird Is Home", "status": "retrieval_error"}
{"candidate": 529, "title": "Aardvark", "status": "over_source_size_filter"}
{"candidate": 530, "title": "Tahoranui River", "status": "retrieval_error"}
{"candidate": 531, "title": "Constance Wilhelmine de Saint-Priest", "status": "retrieval_error"}
{"candidate": 532, "title": "Eddie Paynter", "status": "retrieval_error"}
{"candidate": 533, "title": "Last word (cocktail)", "status": "retrieval_error"}
{"candidate": 534, "title": "Animal (disambiguation)", "status": "retrieval_error"}
{"candidate": 535, "title": "Sangtab", "status": "retrieval_error"}
{"candidate": 536, "title": "Pourakino River", "status": "retrieval_error"}
{"candidate": 537, "title": "Global recession", "status": "retrieval_error"}
{"candidate": 538, "title": "Ruak\u014dkoputuna River", "status": "retrieval_error"}
{"candidate": 539, "title": "Parchi Kola, Qaem Shahr", "status": "over_source_size_filter"}
{"candidate": 540, "title": "Potts River", "status": "retrieval_error"}
{"candidate": 541, "title": "Jo Maxi", "status": "retrieval_error"}
{"candidate": 542, "title": "Kuei Chih-Hung", "status": "retrieval_error"}
{"candidate": 543, "title": "The Expendables (2000 film)", "status": "retrieval_error"}
{"candidate": 544, "title": "Aidas Bareikis", "status": "retrieval_error"}
{"candidate": 545, "title": "Stillwater River (New Zealand)", "status": "retrieval_error"}
{"candidate": 546, "title": "Ford Germany", "status": "retrieval_error"}
{"candidate": 547, "title": "Saxton River", "status": "retrieval_error"}
{"candidate": 548, "title": "Bishop Bullwinkle", "status": "retrieval_error"}
{"candidate": 549, "title": "Vladim\u00edr Clementis", "status": "retrieval_error"}
{"candidate": 550, "title": "Adobe", "status": "over_source_size_filter"}
{"candidate": 551, "title": "Bissli", "status": "retrieval_error"}
{"candidate": 552, "title": "Philippe Grandrieux", "status": "retrieval_error"}
{"candidate": 553, "title": "Lists of women One Day International cricketers", "status": "retrieval_error"}
{"candidate": 554, "title": "Civil Procedure Rules", "status": "retrieval_error"}
{"candidate": 555, "title": "Joe A. Callaway Award for Civic Courage", "status": "retrieval_error"}
{"candidate": 556, "title": "Nuritamburia phyllanthana", "status": "retrieval_error"}
{"candidate": 557, "title": "Shapiro, Bernstein and Co. v. H.L. Green Co.", "status": "retrieval_error"}
{"candidate": 558, "title": "Thaamirabharani", "status": "retrieval_error"}
{"candidate": 559, "title": "The Reverb Syndicate", "status": "retrieval_error"}
{"candidate": 560, "title": "Toni Williams", "status": "retrieval_error"}
{"candidate": 561, "title": "Syllepte dioptalis", "status": "retrieval_error"}
{"candidate": 562, "title": "Yiftahel", "status": "retrieval_error"}
{"candidate": 563, "title": "St\u00e9phane Lannoy", "status": "retrieval_error"}
{"candidate": 564, "title": "ResCarta Toolkit", "status": "retrieval_error"}
{"candidate": 565, "title": "2013 in South African television", "status": "retrieval_error"}
{"candidate": 566, "title": "Alberto Braga", "status": "retrieval_error"}
{"candidate": 567, "title": "Asia Minor (disambiguation)", "status": "retrieval_error"}
{"candidate": 568, "title": "Port Morien", "status": "retrieval_error"}
{"candidate": 569, "title": "Natalie von Bertouch", "status": "retrieval_error"}
{"candidate": 570, "title": "Nuritamburia chlorocalla", "status": "retrieval_error"}
{"candidate": 571, "title": "AIDS orphan", "status": "retrieval_error"}
{"candidate": 572, "title": "Center for Digital Imaging Arts at Boston University", "status": "retrieval_error"}
{"candidate": 573, "title": "Donna Mansell", "status": "retrieval_error"}
{"candidate": 574, "title": "Pataua River", "status": "retrieval_error"}
{"candidate": 575, "title": "Afroasiatic languages", "status": "retrieval_error"}
{"candidate": 576, "title": "Jeff Modisett", "status": "retrieval_error"}
{"candidate": 577, "title": "List of Pakistan Twenty20 International cricketers", "status": "retrieval_error"}
{"candidate": 578, "title": "Garnett College", "status": "retrieval_error"}
{"candidate": 579, "title": "Advisory Centre on World Trade Organization Law", "status": "retrieval_error"}
{"candidate": 580, "title": "P\u016berua River", "status": "retrieval_error"}
{"candidate": 581, "title": "Agafon", "status": "retrieval_error"}
{"candidate": 582, "title": "2009 in South African television", "status": "retrieval_error"}
{"candidate": 583, "title": "Ancient Egypt", "status": "retrieval_error"}
{"candidate": 584, "title": "Algae", "status": "retrieval_error"}
{"candidate": 585, "title": "Ensweiler Academy", "status": "retrieval_error"}
{"candidate": 586, "title": "Maes", "status": "retrieval_error"}
{"candidate": 587, "title": "Beautiful Girl", "status": "retrieval_error"}
{"candidate": 588, "title": "2018 State of Origin series", "status": "retrieval_error"}
{"candidate": 589, "title": "Orval Caldwell", "status": "retrieval_error"}
{"candidate": 590, "title": "English and Welsh bastardy laws", "status": "retrieval_error"}
{"candidate": 591, "title": "Yonago Industrial Gymnasium", "status": "retrieval_error"}
{"candidate": 592, "title": "Najjar Kola-ye Qadim", "status": "retrieval_error"}
{"candidate": 593, "title": "Rahu River", "status": "retrieval_error"}
{"candidate": 594, "title": "East Yorkshire (bus company)", "status": "retrieval_error"}
{"candidate": 595, "title": "Bobby Charles", "status": "retrieval_error"}
{"candidate": 596, "title": "2008 in Swedish television", "status": "retrieval_error"}
{"candidate": 597, "title": "Gene Case", "status": "retrieval_error"}
{"candidate": 598, "title": "Isla Cerraja", "status": "retrieval_error"}
{"candidate": 599, "title": "American Film Institute", "status": "over_source_size_filter"}
{"candidate": 600, "title": "Dangana language", "status": "retrieval_error"}
{"candidate": 601, "title": "Aardwolf", "status": "retrieval_error"}
{"candidate": 602, "title": "West Moor SSSI", "status": "retrieval_error"}
{"candidate": 603, "title": "Matthew Bailes", "status": "retrieval_error"}
{"candidate": 604, "title": "Aleksandr Gvardis", "status": "retrieval_error"}
{"candidate": 605, "title": "Cycling at the 2000 Summer Olympics \u2013 Women's individual road race", "status": "retrieval_error"}
{"candidate": 606, "title": "Bronius Vy\u0161niauskas", "status": "retrieval_error"}
{"candidate": 607, "title": "Allah", "status": "over_source_size_filter"}
{"candidate": 608, "title": "Jal tarang", "status": "retrieval_error"}
{"candidate": 609, "title": "Grounding in communication", "status": "retrieval_error"}
{"candidate": 610, "title": "Syllepte neofulviceps", "status": "retrieval_error"}
{"candidate": 611, "title": "Tadmor River", "status": "retrieval_error"}
{"candidate": 612, "title": "Anime", "status": "over_source_size_filter"}
{"candidate": 613, "title": "Philippine All Stars", "status": "retrieval_error"}
{"candidate": 614, "title": "Aries (constellation)", "status": "retrieval_error"}
{"candidate": 615, "title": "Trygve Bj\u00f8rgo", "status": "retrieval_error"}
{"candidate": 616, "title": "Pascal Aka", "status": "retrieval_error"}
{"candidate": 617, "title": "J. Steven Svoboda", "status": "retrieval_error"}
{"candidate": 618, "title": "Sivert Langholm", "status": "retrieval_error"}
{"candidate": 619, "title": "Museum of Work", "status": "retrieval_error"}
{"candidate": 620, "title": "Hari Sabarno", "status": "retrieval_error"}
{"candidate": 621, "title": "Ve\u010der", "status": "retrieval_error"}
{"candidate": 622, "title": "Hadi Utomo", "status": "retrieval_error"}
{"candidate": 623, "title": "Chattur Singh", "status": "retrieval_error"}
{"candidate": 624, "title": "The '76 House", "status": "retrieval_error"}
{"candidate": 625, "title": "Anaerobic digester types", "status": "retrieval_error"}
{"candidate": 626, "title": "Brother (Cry of Love album)", "status": "retrieval_error"}
{"candidate": 627, "title": "Washington: Village and Capital, 1800\u20131878", "status": "retrieval_error"}
{"candidate": 628, "title": "Chamaz Koti", "status": "retrieval_error"}
{"candidate": 629, "title": "1969 Motor Trend 500", "status": "retrieval_error"}
{"candidate": 630, "title": "Swift River (New Zealand)", "status": "retrieval_error"}
{"candidate": 631, "title": "Father Brown (1974 TV series)", "status": "retrieval_error"}
{"candidate": 632, "title": "D.C. Statehood Green Party", "status": "retrieval_error"}
{"candidate": 633, "title": "Rerewhakaaitu River", "status": "retrieval_error"}
{"candidate": 634, "title": "Crossroads Center (St. Cloud, Minnesota)", "status": "retrieval_error"}
{"candidate": 635, "title": "HMS Sibyl", "status": "retrieval_error"}
{"candidate": 636, "title": "St Hugh's School, Woodhall Spa", "status": "retrieval_error"}
{"candidate": 637, "title": "Marist", "status": "retrieval_error"}
{"candidate": 638, "title": "Curran Hall", "status": "retrieval_error"}
{"candidate": 639, "title": "Ridge (biology)", "status": "retrieval_error"}
{"candidate": 640, "title": "Austin K5", "status": "retrieval_error"}
{"candidate": 641, "title": "Gerold Jungwirth", "status": "retrieval_error"}
{"candidate": 642, "title": "Architecture's Desire", "status": "retrieval_error"}
{"candidate": 643, "title": "1941 Manitoba general election", "status": "retrieval_error"}
{"candidate": 644, "title": "Athinganoi", "status": "retrieval_error"}
{"candidate": 645, "title": "Dwarf azalea", "status": "retrieval_error"}
{"candidate": 646, "title": "Garnet (Final Fantasy)", "status": "retrieval_error"}
{"candidate": 647, "title": "Alien", "status": "retrieval_error"}
{"candidate": 648, "title": "Shamshad Khan", "status": "retrieval_error"}
{"candidate": 649, "title": "John Scott-Taggart", "status": "retrieval_error"}
{"candidate": 650, "title": "Lord William Seymour (British Army officer)", "status": "retrieval_error"}
{"candidate": 651, "title": "List of compositions by James MacMillan", "status": "retrieval_error"}
{"candidate": 652, "title": "1903 Liverpool West Derby by-election", "status": "retrieval_error"}
{"candidate": 653, "title": "Agnosticism", "status": "over_source_size_filter"}
{"candidate": 654, "title": "Yazan, Mazandaran", "status": "retrieval_error"}
{"candidate": 655, "title": "Dineh Sar-e Rakan Kola", "status": "retrieval_error"}
{"candidate": 656, "title": "N\u00e9dia Semedo", "status": "retrieval_error"}
{"candidate": 657, "title": "Hongfu Temple (Shanghai)", "status": "retrieval_error"}
{"candidate": 658, "title": "God morgon", "status": "retrieval_error"}
{"candidate": 659, "title": "Antoine Fran\u00e7ois Eug\u00e8ne Merlin", "status": "retrieval_error"}
{"candidate": 660, "title": "List of Create TV affiliates", "status": "retrieval_error"}
{"candidate": 661, "title": "Irena Tre\u010diokait\u0117-\u017debenkien\u0117", "status": "retrieval_error"}
{"candidate": 662, "title": "Kevin Ingram", "status": "retrieval_error"}
{"candidate": 663, "title": "Apollo 11", "status": "retrieval_error"}
{"candidate": 664, "title": "List of Liverpool Docks", "status": "retrieval_error"}
{"candidate": 665, "title": "Brenda Power", "status": "retrieval_error"}
{"candidate": 666, "title": "Austroasiatic languages", "status": "retrieval_error"}
{"candidate": 667, "title": "Milorad M. Drachkovitch", "status": "retrieval_error"}
{"candidate": 668, "title": "Mynewsdesk", "status": "retrieval_error"}
{"candidate": 669, "title": "Anwar (singer)", "status": "retrieval_error"}
{"candidate": 670, "title": "Net neutrality by country", "status": "retrieval_error"}
{"candidate": 671, "title": "Egl\u0117 Bogdanien\u0117", "status": "retrieval_error"}
{"candidate": 672, "title": "Michael Smyth", "status": "retrieval_error"}
{"candidate": 673, "title": "Ozone Park station", "status": "retrieval_error"}
{"candidate": 674, "title": "Kali\u0161t\u011b (Prague-East District)", "status": "retrieval_error"}
{"candidate": 675, "title": "Allocution", "status": "retrieval_error"}
{"candidate": 676, "title": "Viktorija Daniliauskait\u0117", "status": "retrieval_error"}
{"candidate": 677, "title": "History of the Daleks", "status": "retrieval_error"}
{"candidate": 678, "title": "List of Israeli films of 1970", "status": "retrieval_error"}
{"candidate": 679, "title": "2007 in Swedish television", "status": "retrieval_error"}
{"candidate": 680, "title": "Howard Machtinger", "status": "retrieval_error"}
{"candidate": 681, "title": "Philby", "status": "retrieval_error"}
{"candidate": 682, "title": "Sanders Corps of Cadets Center", "status": "retrieval_error"}
{"candidate": 683, "title": "Poroporo River", "status": "retrieval_error"}
{"candidate": 684, "title": "John McGill Krumm", "status": "retrieval_error"}
{"candidate": 685, "title": "Shoes (2012 film)", "status": "retrieval_error"}
{"candidate": 686, "title": "Cura\u00e7ao and Dependencies", "status": "retrieval_error"}
{"candidate": 687, "title": "Clarenceville station", "status": "retrieval_error"}
{"candidate": 688, "title": "Boisdale, Nova Scotia", "status": "retrieval_error"}
{"candidate": 689, "title": "Hlavenec", "status": "retrieval_error"}
{"candidate": 690, "title": "Threads of Destiny", "status": "retrieval_error"}
{"candidate": 691, "title": "Gianfrancesco Lazotti", "status": "retrieval_error"}
{"candidate": 692, "title": "Asparagales", "status": "over_source_size_filter"}
{"candidate": 693, "title": "Syllepte pilocrocialis", "status": "retrieval_error"}
{"candidate": 694, "title": "Geology of the Moon", "status": "retrieval_error"}
{"candidate": 695, "title": "B. Reith", "status": "retrieval_error"}
{"candidate": 696, "title": "Bulldogs Allstar Goodtime Band", "status": "retrieval_error"}
{"candidate": 697, "title": "Vytenis Rimkus", "status": "retrieval_error"}
{"candidate": 698, "title": "Taheke River", "status": "retrieval_error"}
{"candidate": 699, "title": "Tass River", "status": "retrieval_error"}
{"candidate": 700, "title": "Pupuke River", "status": "retrieval_error"}
{"candidate": 701, "title": "Backlundtoppen", "status": "retrieval_error"}
{"candidate": 702, "title": "Mitchell Fields", "status": "retrieval_error"}
{"candidate": 703, "title": "Tech tabloid", "status": "retrieval_error"}
{"candidate": 704, "title": "Daniel Gookin (Sheriff)", "status": "retrieval_error"}
{"candidate": 705, "title": "Aldous Huxley", "status": "retrieval_error"}
{"candidate": 706, "title": "Devazepide", "status": "retrieval_error"}
{"candidate": 707, "title": "The Scorching Adventures of the Screaming Jets", "status": "retrieval_error"}
{"candidate": 708, "title": "2015 CONCACAF U-17 Championship squads", "status": "retrieval_error"}
{"candidate": 709, "title": "Pan Zhengmin", "status": "retrieval_error"}
{"candidate": 710, "title": "Asterism", "status": "retrieval_error"}
{"candidate": 711, "title": "Tom Dunn (journalist)", "status": "retrieval_error"}
{"candidate": 712, "title": "Invasion of Wales", "status": "retrieval_error"}
{"candidate": 713, "title": "Taipa River", "status": "retrieval_error"}
{"candidate": 714, "title": "Edward Ringold", "status": "retrieval_error"}
{"candidate": 715, "title": "Rinker", "status": "retrieval_error"}
{"candidate": 716, "title": "Aleksas Andriu\u0161kevi\u010dius", "status": "retrieval_error"}
{"candidate": 717, "title": "K.J. Kindler", "status": "retrieval_error"}
{"candidate": 718, "title": "Schooled: The Price of College Sports", "status": "retrieval_error"}
{"candidate": 719, "title": "Syllepte orbiferalis", "status": "retrieval_error"}
{"candidate": 720, "title": "William McGregor (judoka)", "status": "retrieval_error"}
{"candidate": 721, "title": "Charles Pakenham Buchanan", "status": "retrieval_error"}
{"candidate": 722, "title": "St James' Hall, Sydney", "status": "selected"}
{"candidate": 723, "title": "Chehel Shahid Rural District", "status": "retrieval_error"}
{"candidate": 724, "title": "Jos\u00e9 Mar\u00eda Rojas Garrido", "status": "retrieval_error"}
{"candidate": 725, "title": "Mouthwash", "status": "retrieval_error"}
{"candidate": 726, "title": "Nuritamburia semicineriana", "status": "retrieval_error"}
{"candidate": 727, "title": "Dario Herrera", "status": "retrieval_error"}
{"candidate": 728, "title": "Peter Ax", "status": "retrieval_error"}
{"candidate": 729, "title": "Brachyscome multifida", "status": "retrieval_error"}
{"candidate": 730, "title": "Acid", "status": "over_source_size_filter"}
{"candidate": 731, "title": "Western States Endurance Run", "status": "retrieval_error"}
{"candidate": 732, "title": "A Boy Like That", "status": "retrieval_error"}
{"candidate": 733, "title": "Ivan Olbracht", "status": "retrieval_error"}
{"candidate": 734, "title": "List of Israeli films of 1972", "status": "retrieval_error"}
{"candidate": 735, "title": "2005 NCAA Division II men's basketball tournament", "status": "retrieval_error"}
{"candidate": 736, "title": "Ashbrook", "status": "retrieval_error"}
{"candidate": 737, "title": "Giovanni Battista Lucini", "status": "retrieval_error"}
{"candidate": 738, "title": "Arabic", "status": "over_source_size_filter"}
{"candidate": 739, "title": "The Avengers (New Zealand band)", "status": "retrieval_error"}
{"candidate": 740, "title": "Vytautas Pranas Bi\u010di\u016bnas", "status": "retrieval_error"}
{"candidate": 741, "title": "2004 in Portuguese television", "status": "retrieval_error"}
{"candidate": 742, "title": "Emeritus Senior Living", "status": "retrieval_error"}
{"candidate": 743, "title": "International cricket in 1988\u201389", "status": "retrieval_error"}
{"candidate": 744, "title": "Robert Sullivan (judoka)", "status": "retrieval_error"}
{"candidate": 745, "title": "Bernardas Bu\u010das", "status": "retrieval_error"}
{"candidate": 746, "title": "Moshe Gutnick", "status": "retrieval_error"}
{"candidate": 747, "title": "List of Birmingham City F.C. players (1\u201324 appearances)", "status": "retrieval_error"}
{"candidate": 748, "title": "Luciano Di Palma", "status": "retrieval_error"}
{"candidate": 749, "title": "Edward Seymour, 9th Duke of Somerset", "status": "retrieval_error"}
{"candidate": 750, "title": "Alchemy", "status": "over_source_size_filter"}
{"candidate": 751, "title": "Transit Film", "status": "retrieval_error"}
{"candidate": 752, "title": "Arthur Daniel", "status": "retrieval_error"}
{"candidate": 753, "title": "Jebel Moya", "status": "retrieval_error"}
{"candidate": 754, "title": "Silver lining (idiom)", "status": "retrieval_error"}
{"candidate": 755, "title": "Pongaroa River", "status": "retrieval_error"}
{"candidate": 756, "title": "Abel Prescott Jr.", "status": "retrieval_error"}
{"candidate": 757, "title": "Robert Creamer", "status": "retrieval_error"}
{"candidate": 758, "title": "Ra\u00fal Foullon", "status": "retrieval_error"}
{"candidate": 759, "title": "Rotokino River", "status": "retrieval_error"}
{"candidate": 760, "title": "Kate Beckett", "status": "retrieval_error"}
{"candidate": 761, "title": "Qajar Tappeh", "status": "retrieval_error"}
{"candidate": 762, "title": "Pacific Marine Environmental Laboratory", "status": "retrieval_error"}
{"candidate": 763, "title": "Amore & Vita", "status": "retrieval_error"}
{"candidate": 764, "title": "Charles G. Widd\u00e9n", "status": "retrieval_error"}
{"candidate": 765, "title": "Syllepte rogationis", "status": "retrieval_error"}
{"candidate": 766, "title": "Education in Marin County", "status": "retrieval_error"}
{"candidate": 767, "title": "List of Israeli films of 1978", "status": "retrieval_error"}
{"candidate": 768, "title": "Estaci\u00f3 del Nord (Barcelona)", "status": "retrieval_error"}
{"candidate": 769, "title": "Amorbia emigratella", "status": "retrieval_error"}
{"candidate": 770, "title": "Edward Seymour, 8th Duke of Somerset", "status": "retrieval_error"}
{"candidate": 771, "title": "\u0106unski", "status": "retrieval_error"}
{"candidate": 772, "title": "Bren Events Center", "status": "retrieval_error"}
{"candidate": 773, "title": "Advanced Chemistry", "status": "retrieval_error"}
{"candidate": 774, "title": "Tahekeroa River", "status": "retrieval_error"}
{"candidate": 775, "title": "Takaputahi River", "status": "retrieval_error"}
{"candidate": 776, "title": "Attila", "status": "over_source_size_filter"}
{"candidate": 777, "title": "Bronius Bru\u017eas", "status": "retrieval_error"}
{"candidate": 778, "title": "The Exchange, Bristol", "status": "retrieval_error"}
{"candidate": 779, "title": "Clay Smith (cricketer)", "status": "retrieval_error"}
{"candidate": 780, "title": "Nabran", "status": "retrieval_error"}
{"candidate": 781, "title": "Jeff Ingber", "status": "retrieval_error"}
{"candidate": 782, "title": "Ahangar Kola, Simorgh", "status": "retrieval_error"}
{"candidate": 783, "title": "F. H. Pownall", "status": "retrieval_error"}
{"candidate": 784, "title": "Lati, Ramsar", "status": "retrieval_error"}
{"candidate": 785, "title": "Antonio Tom\u00e1s", "status": "retrieval_error"}
{"candidate": 786, "title": "Alastair Galpin", "status": "retrieval_error"}
{"candidate": 787, "title": "Donald R. Herriott", "status": "retrieval_error"}
{"candidate": 788, "title": "Nikolai Ivanov (football referee)", "status": "retrieval_error"}
{"candidate": 789, "title": "Malaysian Deaf Sports Association", "status": "retrieval_error"}
{"candidate": 790, "title": "Commissioner for Children and Young People (Scotland) Act 2003", "status": "retrieval_error"}
{"candidate": 791, "title": "New Orleans Rugby Football Club", "status": "retrieval_error"}
{"candidate": 792, "title": "2009 Brisbane International", "status": "retrieval_error"}
{"candidate": 793, "title": "Asbj\u00f8rn \u00d8ver\u00e5s", "status": "retrieval_error"}
{"candidate": 794, "title": "Loch na Berie", "status": "retrieval_error"}
{"candidate": 795, "title": "Ray Sep\u00falveda", "status": "retrieval_error"}
{"candidate": 796, "title": "Dolge Njive, Lenart", "status": "retrieval_error"}
{"candidate": 797, "title": "Great Lakes Environmental Research Laboratory", "status": "retrieval_error"}
{"candidate": 798, "title": "Pyynikki Summer Theatre", "status": "retrieval_error"}
{"candidate": 799, "title": "Alexander Graham Bell", "status": "retrieval_error"}
{"candidate": 800, "title": "Labudovo Brdo", "status": "retrieval_error"}
{"candidate": 801, "title": "Boris Hvoynev", "status": "retrieval_error"}
{"candidate": 802, "title": "Waylon Forever", "status": "retrieval_error"}
{"candidate": 803, "title": "1888 Liverpool West Derby by-election", "status": "retrieval_error"}
{"candidate": 804, "title": "Atom", "status": "over_source_size_filter"}
{"candidate": 805, "title": "Tonl\u00e9 Sap Biosphere Reserve", "status": "retrieval_error"}
{"candidate": 806, "title": "Declaration of Calton Hill", "status": "retrieval_error"}
{"candidate": 807, "title": "D\u0159\u00edsy", "status": "retrieval_error"}
{"candidate": 808, "title": "Goulandris Natural History Museum", "status": "retrieval_error"}
{"candidate": 809, "title": "Yury Borisov (scientist)", "status": "retrieval_error"}
{"candidate": 810, "title": "UCL Faculty of Life Sciences", "status": "retrieval_error"}
{"candidate": 811, "title": "IRobot R-Gator", "status": "retrieval_error"}
{"candidate": 812, "title": "Sherry River", "status": "retrieval_error"}
{"candidate": 813, "title": "Skeet River", "status": "retrieval_error"}
{"candidate": 814, "title": "Khonar Darvish", "status": "retrieval_error"}
{"candidate": 815, "title": "Minister for Housing (Australia)", "status": "retrieval_error"}
{"candidate": 816, "title": "Austin (disambiguation)", "status": "retrieval_error"}
{"candidate": 817, "title": "Te Kapa River", "status": "retrieval_error"}
{"candidate": 818, "title": "Albania", "status": "over_source_size_filter"}
{"candidate": 819, "title": "Micronychia", "status": "retrieval_error"}
{"candidate": 820, "title": "Kloko\u010dn\u00e1", "status": "retrieval_error"}
{"candidate": 821, "title": "Allan Dwan", "status": "retrieval_error"}
{"candidate": 822, "title": "Arkansas Highway 100 (1926\u20131960)", "status": "retrieval_error"}
{"candidate": 823, "title": "2013\u201314 UIC Flames men's basketball team", "status": "retrieval_error"}
{"candidate": 824, "title": "Fosha", "status": "selected"}
{"candidate": 825, "title": "Withdrawal of previously declassified U.S. federal records", "status": "retrieval_error"}
{"candidate": 826, "title": "Alp Arslan", "status": "retrieval_error"}
{"candidate": 827, "title": "1964 Winchester by-election", "status": "retrieval_error"}
{"candidate": 828, "title": "M (Marvel Comics)", "status": "retrieval_error"}
{"candidate": 829, "title": "Rubber seed oil", "status": "retrieval_error"}
{"candidate": 830, "title": "Eastern massasauga", "status": "retrieval_error"}
{"candidate": 831, "title": "Anthophyta", "status": "retrieval_error"}
{"candidate": 832, "title": "Pandora River", "status": "retrieval_error"}
{"candidate": 833, "title": "Sam Ainsley", "status": "retrieval_error"}
{"candidate": 834, "title": "Pararrhaptica lysimachiana", "status": "retrieval_error"}
{"candidate": 835, "title": "Port Ol\u00edmpic", "status": "retrieval_error"}
{"candidate": 836, "title": "1893 Liverpool West Derby by-election", "status": "retrieval_error"}
{"candidate": 837, "title": "Red Pyke River", "status": "retrieval_error"}
{"candidate": 838, "title": "Real Love", "status": "retrieval_error"}
{"candidate": 839, "title": "Humberto Brice\u00f1o", "status": "retrieval_error"}
{"candidate": 840, "title": "Pakarae River", "status": "retrieval_error"}
{"candidate": 841, "title": "Syllepte rosalina", "status": "retrieval_error"}
{"candidate": 842, "title": "Anatomy", "status": "retrieval_error"}
{"candidate": 843, "title": "Michael Schmid", "status": "retrieval_error"}
{"candidate": 844, "title": "Rodgers Rop", "status": "retrieval_error"}
{"candidate": 845, "title": "Erwin Garc\u00eda", "status": "retrieval_error"}
{"candidate": 846, "title": "International Graphical Federation", "status": "retrieval_error"}
{"candidate": 847, "title": "Abaet\u00e9 Linhas A\u00e9reas", "status": "retrieval_error"}
{"candidate": 848, "title": "Long Beach station", "status": "retrieval_error"}
{"candidate": 849, "title": "2009 in Portuguese television", "status": "retrieval_error"}
{"candidate": 850, "title": "Grain Bridge", "status": "retrieval_error"}
{"candidate": 851, "title": "Taruheru River", "status": "retrieval_error"}
{"candidate": 852, "title": "OUBS", "status": "retrieval_error"}
{"candidate": 853, "title": "Zita Alinskait\u0117-Mickonien\u0117", "status": "retrieval_error"}
{"candidate": 854, "title": "Svanbergfjellet", "status": "selected"}
{"candidate": 855, "title": "Alismatales", "status": "retrieval_error"}
{"candidate": 856, "title": "Sonia Sotomayor", "status": "retrieval_error"}
{"candidate": 857, "title": "Luisa Laschi", "status": "retrieval_error"}
{"candidate": 858, "title": "List of ambassadors of Sweden to Finland", "status": "retrieval_error"}
{"candidate": 859, "title": "The Burglars", "status": "retrieval_error"}
{"candidate": 860, "title": "Staughton Vale, Victoria", "status": "retrieval_error"}
{"candidate": 861, "title": "Syllepte plumifera", "status": "retrieval_error"}
{"candidate": 862, "title": "Not Like You", "status": "retrieval_error"}
{"candidate": 863, "title": "Paul Napier", "status": "retrieval_error"}
{"candidate": 864, "title": "Arne Kaijser", "status": "retrieval_error"}
{"candidate": 865, "title": "Eduard Hartmann (disambiguation)", "status": "retrieval_error"}
{"candidate": 866, "title": "Postal, Telegraph and Telephone International", "status": "retrieval_error"}
{"candidate": 867, "title": "Knut Sprauten", "status": "retrieval_error"}
{"candidate": 868, "title": "Motor neuron diseases", "status": "retrieval_error"}
{"candidate": 869, "title": "Agricultural science", "status": "retrieval_error"}
{"candidate": 870, "title": "Ladysbridge railway station", "status": "retrieval_error"}
{"candidate": 871, "title": "Te Arai River", "status": "retrieval_error"}
{"candidate": 872, "title": "Arsenic", "status": "retrieval_error"}
{"candidate": 873, "title": "Te Hoe River", "status": "retrieval_error"}
{"candidate": 874, "title": "Tan Bela", "status": "retrieval_error"}
{"candidate": 875, "title": "Selehdar Kola", "status": "retrieval_error"}
{"candidate": 876, "title": "Plasmodium carmelinoi", "status": "retrieval_error"}
{"candidate": 877, "title": "Maidenhall Estate", "status": "retrieval_error"}
{"candidate": 878, "title": "Fran (footballer, born 1969)", "status": "retrieval_error"}
{"candidate": 879, "title": "Bally Manufacturing", "status": "retrieval_error"}
{"candidate": 880, "title": "1975 Wolverhampton Metropolitan Borough Council election", "status": "retrieval_error"}
{"candidate": 881, "title": "Jennat Rudbar Rural District", "status": "retrieval_error"}
{"candidate": 882, "title": "Henry Hervey", "status": "retrieval_error"}
{"candidate": 883, "title": "P\u0101kuratahi River", "status": "retrieval_error"}
{"candidate": 884, "title": "HEICO", "status": "retrieval_error"}
{"candidate": 885, "title": "Igor Egorov", "status": "retrieval_error"}
{"candidate": 886, "title": "Without Feathers", "status": "retrieval_error"}
{"candidate": 887, "title": "Karate Kiba", "status": "retrieval_error"}
{"candidate": 888, "title": "Joint United States Military Advisory Group Thailand", "status": "retrieval_error"}
{"candidate": 889, "title": "Amateur astronomy", "status": "retrieval_error"}
{"candidate": 890, "title": "San Javier", "status": "retrieval_error"}
{"candidate": 891, "title": "Hajjiabad, Qaem Shahr", "status": "retrieval_error"}
{"candidate": 892, "title": "Arabeh Galleh", "status": "retrieval_error"}
{"candidate": 893, "title": "Heusenstamm station", "status": "retrieval_error"}
{"candidate": 894, "title": "Peria River", "status": "retrieval_error"}
{"candidate": 895, "title": "Doylestown Central Park", "status": "retrieval_error"}
{"candidate": 896, "title": "List of anthropologists", "status": "retrieval_error"}
{"candidate": 897, "title": "Arable land", "status": "retrieval_error"}
{"candidate": 898, "title": "Roaring Lion River", "status": "retrieval_error"}
{"candidate": 899, "title": "Climate Data Record", "status": "retrieval_error"}
{"candidate": 900, "title": "University of Minnesota College of Education and Human Development", "status": "retrieval_error"}
{"candidate": 901, "title": "Alan Parnaby (actor)", "status": "retrieval_error"}
{"candidate": 902, "title": "1008 La Paz", "status": "retrieval_error"}
{"candidate": 903, "title": "James Robb", "status": "retrieval_error"}
{"candidate": 904, "title": "Puniu River", "status": "retrieval_error"}
{"candidate": 905, "title": "Seaforth River", "status": "retrieval_error"}
{"candidate": 906, "title": "Takiritawai River", "status": "retrieval_error"}
{"candidate": 907, "title": "Arbuthnot (ship)", "status": "retrieval_error"}
{"candidate": 908, "title": "Pottsburg Creek", "status": "retrieval_error"}
{"candidate": 909, "title": "Malheur Brewery", "status": "retrieval_error"}
{"candidate": 910, "title": "1978 American 500", "status": "retrieval_error"}
{"candidate": 911, "title": "Pavell\u00f3 de la Vall d'Hebron", "status": "retrieval_error"}
{"candidate": 912, "title": "Danguol\u0117 Brogien\u0117", "status": "retrieval_error"}
{"candidate": 913, "title": "Taipoiti River", "status": "retrieval_error"}
{"candidate": 914, "title": "Penk River", "status": "retrieval_error"}
{"candidate": 915, "title": "Joe Rubbo", "status": "retrieval_error"}
{"candidate": 916, "title": "Breaking News (TV series)", "status": "retrieval_error"}
{"candidate": 917, "title": "Syllepte nebulalis", "status": "retrieval_error"}
{"candidate": 918, "title": "John Scrope", "status": "retrieval_error"}
{"candidate": 919, "title": "Representation of the People (Ireland) Act 1868", "status": "retrieval_error"}
{"candidate": 920, "title": "Andrius Giedraitis", "status": "retrieval_error"}
{"candidate": 921, "title": "Austri, Vestri, Nor\u00f0ri and Su\u00f0ri", "status": "retrieval_error"}
{"candidate": 922, "title": "Carit\u00e0", "status": "retrieval_error"}
{"candidate": 923, "title": "Elizabeth Pabodie", "status": "retrieval_error"}
{"candidate": 924, "title": "Paul G. Hoffman", "status": "retrieval_error"}
{"candidate": 925, "title": "Billy Wootton", "status": "retrieval_error"}
{"candidate": 926, "title": "Basic sediment and water", "status": "retrieval_error"}
{"candidate": 927, "title": "William Seymour, 2nd Duke of Somerset", "status": "retrieval_error"}
{"candidate": 928, "title": "Anna Kournikova", "status": "retrieval_error"}
{"candidate": 929, "title": "Deux po\u00e8mes de Lord Byron (Tailleferre)", "status": "retrieval_error"}
{"candidate": 930, "title": "Cynthiana Commercial District", "status": "retrieval_error"}
{"candidate": 931, "title": "Lamuk, Iran", "status": "retrieval_error"}
{"candidate": 932, "title": "Kostya Kennedy", "status": "retrieval_error"}
{"candidate": 933, "title": "The Amazing Spider-Man", "status": "retrieval_error"}
{"candidate": 934, "title": "Ada", "status": "selected"}
{"candidate": 935, "title": "List of Israeli films of 1973", "status": "retrieval_error"}
{"candidate": 936, "title": "CLIA", "status": "retrieval_error"}
{"candidate": 937, "title": "Alfred Korzybski", "status": "retrieval_error"}
{"candidate": 938, "title": "Umbul-umbul", "status": "selected"}
{"candidate": 939, "title": "Gol Chigi", "status": "retrieval_error"}
{"candidate": 940, "title": "Nestl\u00e9 Tex", "status": "retrieval_error"}
{"candidate": 941, "title": "RiverTown Crossings", "status": "retrieval_error"}
{"candidate": 942, "title": "Shasta, Iran", "status": "retrieval_error"}
{"candidate": 943, "title": "Appellate procedure in the United States", "status": "retrieval_error"}
{"candidate": 944, "title": "Rego Park station", "status": "retrieval_error"}
{"candidate": 945, "title": "Mirch Masala", "status": "retrieval_error"}
{"candidate": 946, "title": "1982 CIS Men's Soccer Championship", "status": "retrieval_error"}
{"candidate": 947, "title": "Gintaut\u0117l\u0117 Laimut\u0117 Baginskien\u0117", "status": "retrieval_error"}
{"candidate": 948, "title": "Western States Petroleum Association", "status": "retrieval_error"}
{"candidate": 949, "title": "Aegean Sea", "status": "retrieval_error"}
{"candidate": 950, "title": "Agafonya", "status": "selected"}
{"candidate": 951, "title": "Pearce-Wheeler Farm", "status": "retrieval_error"}
{"candidate": 952, "title": "Pennsylvania Route 61", "status": "retrieval_error"}
{"candidate": 953, "title": "Ataxia", "status": "retrieval_error"}
{"candidate": 954, "title": "Adam LaRoche", "status": "retrieval_error"}
{"candidate": 955, "title": "Abdul Basith", "status": "retrieval_error"}
{"candidate": 956, "title": "Salihovi\u0107", "status": "retrieval_error"}
{"candidate": 957, "title": "Stefan II", "status": "retrieval_error"}
{"candidate": 958, "title": "Afghanistan", "status": "over_source_size_filter"}
{"candidate": 959, "title": "Hans Kristian Seip (forester)", "status": "retrieval_error"}
{"candidate": 960, "title": "Dashtian", "status": "retrieval_error"}
{"candidate": 961, "title": "Marko Todorovi\u0107", "status": "retrieval_error"}
{"candidate": 962, "title": "Hunterspoint Avenue station", "status": "retrieval_error"}
{"candidate": 963, "title": "1935 Liverpool West Derby by-election", "status": "retrieval_error"}
{"candidate": 964, "title": "Petras Rep\u0161ys", "status": "retrieval_error"}
{"candidate": 965, "title": "Khomir Kandeh", "status": "retrieval_error"}
{"candidate": 966, "title": "Pararrhaptica sublichenoides", "status": "retrieval_error"}
{"candidate": 967, "title": "Harry Langdon", "status": "retrieval_error"}
{"candidate": 968, "title": "Tinline River", "status": "retrieval_error"}
{"candidate": 969, "title": "26-fullerene graph", "status": "retrieval_error"}
{"candidate": 970, "title": "Alvin Toffler", "status": "retrieval_error"}
{"candidate": 971, "title": "Courtney Kruger", "status": "retrieval_error"}
{"candidate": 972, "title": "Beacon Academy", "status": "retrieval_error"}
{"candidate": 973, "title": "Marija Bankauskait\u0117", "status": "retrieval_error"}
{"candidate": 974, "title": "List of endemic birds of the Philippines", "status": "retrieval_error"}
{"candidate": 975, "title": "Wild Frontier (song)", "status": "retrieval_error"}
{"candidate": 976, "title": "Lorraine Baker", "status": "retrieval_error"}
{"candidate": 977, "title": "2015 Guinean presidential election", "status": "retrieval_error"}
{"candidate": 978, "title": "Abraham Lincoln", "status": "retrieval_error"}
{"candidate": 979, "title": "Williamstown Workshops", "status": "retrieval_error"}
{"candidate": 980, "title": "Bundesautobahn 103", "status": "retrieval_error"}
{"candidate": 981, "title": "Viktoras Andriu\u0161is", "status": "retrieval_error"}
{"candidate": 982, "title": "4:45 AM", "status": "retrieval_error"}
{"candidate": 983, "title": "August Spennemann", "status": "retrieval_error"}
{"candidate": 984, "title": "Austrian German", "status": "over_source_size_filter"}
{"candidate": 985, "title": "PTTI", "status": "retrieval_error"}
{"candidate": 986, "title": "Seyyed Abu Saleh", "status": "retrieval_error"}
{"candidate": 987, "title": "Jacquetta Wheeler", "status": "retrieval_error"}
{"candidate": 988, "title": "Komabue", "status": "retrieval_error"}
{"candidate": 989, "title": "List of England women Test cricketers", "status": "retrieval_error"}
{"candidate": 990, "title": "Christ Church, Quinton", "status": "retrieval_error"}
{"candidate": 991, "title": "Algorithms (journal)", "status": "retrieval_error"}
{"candidate": 992, "title": "Tapuwae River", "status": "retrieval_error"}
{"candidate": 993, "title": "Akira Kurosawa", "status": "retrieval_error"}
{"candidate": 994, "title": "Quest (video games)", "status": "retrieval_error"}
{"candidate": 995, "title": "One of Us Tripped", "status": "retrieval_error"}
{"candidate": 996, "title": "Castle Hill, Ipswich, Suffolk", "status": "retrieval_error"}
{"candidate": 997, "title": "Angola", "status": "over_source_size_filter"}
{"started_utc": "2026-09-12T02:13:47.505922+00:00", "status": "aborted", "launchable": false, "error_type": "RuntimeError", "error": "Only 77/100 pages retrieved; see /Users/hananather/Desktop/MATS 12.0/replication/steering-series/2026-09-12-positive-confirmation/new-pages/retrieval.jsonl", "finished_utc": "2026-09-12T02:16:22.260717+00:00", "elapsed_s": 154.755, "source_candidates": 1000, "excluded_prior_titles": 2, "raw_files_preserved": 77, "model_calls": 0, "gpu_calls": 0, "paid_api_calls": 0}
Exception ignored in: <function ResourceTracker.__del__ at 0x122604400>
Traceback (most recent call last):
  File "/Users/hananather/Desktop/MATS 12.0/replication/.venv/lib/python3.12/site-packages/multiprocess/resource_tracker.py", line 80, in __del__
  File "/Users/hananather/Desktop/MATS 12.0/replication/.venv/lib/python3.12/site-packages/multiprocess/resource_tracker.py", line 89, in _stop
  File "/Users/hananather/Desktop/MATS 12.0/replication/.venv/lib/python3.12/site-packages/multiprocess/resource_tracker.py", line 102, in _stop_locked
AttributeError: '_thread.RLock' object has no attribute '_recursion_count'
